// Jest Snapshot v1, https://goo.gl/fbAQLP

exports[` Header Form component rendering Should render properly 1`] = `
ShallowWrapper {
  Symbol(enzyme.__root__): [Circular],
  Symbol(enzyme.__unrendered__): <Header
    className="Header Primary"
    headerName="Nwanna"
    id="headerId"
    navOne="Logout"
    navThree="Home"
    navTwo="Report Issue"
    pathOne="/"
    pathThree="/login"
    pathTwo="/signup"
    pathname=""
  />,
  Symbol(enzyme.__renderer__): Object {
    "batchedUpdates": [Function],
    "getNode": [Function],
    "render": [Function],
    "simulateError": [Function],
    "simulateEvent": [Function],
    "unmount": [Function],
  },
  Symbol(enzyme.__node__): Object {
    "instance": null,
    "key": undefined,
    "nodeType": "host",
    "props": Object {
      "children": <div>
        <Link
          replace={false}
          to="/profile"
        >
          <h3>
            Dashboard
          </h3>
        </Link>
        <nav
          className="nav nav-primary"
        >
          <NavLink
            activeClassName="is-active"
            aria-current="page"
            className="btn btn-nav"
            exact={true}
            to="/"
          >
            Logout
          </NavLink>
          <NavLink
            activeClassName="is-active"
            aria-current="page"
            className="btn btn-nav"
            to="/signup"
          >
            Report Issue
          </NavLink>
          <NavLink
            activeClassName="is-active"
            aria-current="page"
            className="btn btn-nav"
            to="/login"
          >
            Home
          </NavLink>
        </nav>
      </div>,
      "className": "Header Primary",
      "id": "headerId",
    },
    "ref": null,
    "rendered": Object {
      "instance": null,
      "key": undefined,
      "nodeType": "host",
      "props": Object {
        "children": Array [
          <Link
            replace={false}
            to="/profile"
          >
            <h3>
              Dashboard
            </h3>
          </Link>,
          <nav
            className="nav nav-primary"
          >
            <NavLink
              activeClassName="is-active"
              aria-current="page"
              className="btn btn-nav"
              exact={true}
              to="/"
            >
              Logout
            </NavLink>
            <NavLink
              activeClassName="is-active"
              aria-current="page"
              className="btn btn-nav"
              to="/signup"
            >
              Report Issue
            </NavLink>
            <NavLink
              activeClassName="is-active"
              aria-current="page"
              className="btn btn-nav"
              to="/login"
            >
              Home
            </NavLink>
          </nav>,
        ],
      },
      "ref": null,
      "rendered": Array [
        Object {
          "instance": null,
          "key": undefined,
          "nodeType": "class",
          "props": Object {
            "children": <h3>
              Dashboard
            </h3>,
            "replace": false,
            "to": "/profile",
          },
          "ref": null,
          "rendered": Object {
            "instance": null,
            "key": undefined,
            "nodeType": "host",
            "props": Object {
              "children": "Dashboard",
            },
            "ref": null,
            "rendered": "Dashboard",
            "type": "h3",
          },
          "type": [Function],
        },
        Object {
          "instance": null,
          "key": undefined,
          "nodeType": "host",
          "props": Object {
            "children": Array [
              <NavLink
                activeClassName="is-active"
                aria-current="page"
                className="btn btn-nav"
                exact={true}
                to="/"
              >
                Logout
              </NavLink>,
              <NavLink
                activeClassName="is-active"
                aria-current="page"
                className="btn btn-nav"
                to="/signup"
              >
                Report Issue
              </NavLink>,
              <NavLink
                activeClassName="is-active"
                aria-current="page"
                className="btn btn-nav"
                to="/login"
              >
                Home
              </NavLink>,
            ],
            "className": "nav nav-primary",
          },
          "ref": null,
          "rendered": Array [
            Object {
              "instance": null,
              "key": undefined,
              "nodeType": "function",
              "props": Object {
                "activeClassName": "is-active",
                "aria-current": "page",
                "children": "Logout",
                "className": "btn btn-nav",
                "exact": true,
                "to": "/",
              },
              "ref": null,
              "rendered": "Logout",
              "type": [Function],
            },
            Object {
              "instance": null,
              "key": undefined,
              "nodeType": "function",
              "props": Object {
                "activeClassName": "is-active",
                "aria-current": "page",
                "children": "Report Issue",
                "className": "btn btn-nav",
                "to": "/signup",
              },
              "ref": null,
              "rendered": "Report Issue",
              "type": [Function],
            },
            Object {
              "instance": null,
              "key": undefined,
              "nodeType": "function",
              "props": Object {
                "activeClassName": "is-active",
                "aria-current": "page",
                "children": "Home",
                "className": "btn btn-nav",
                "to": "/login",
              },
              "ref": null,
              "rendered": "Home",
              "type": [Function],
            },
          ],
          "type": "nav",
        },
      ],
      "type": "div",
    },
    "type": "header",
  },
  Symbol(enzyme.__nodes__): Array [
    Object {
      "instance": null,
      "key": undefined,
      "nodeType": "host",
      "props": Object {
        "children": <div>
          <Link
            replace={false}
            to="/profile"
          >
            <h3>
              Dashboard
            </h3>
          </Link>
          <nav
            className="nav nav-primary"
          >
            <NavLink
              activeClassName="is-active"
              aria-current="page"
              className="btn btn-nav"
              exact={true}
              to="/"
            >
              Logout
            </NavLink>
            <NavLink
              activeClassName="is-active"
              aria-current="page"
              className="btn btn-nav"
              to="/signup"
            >
              Report Issue
            </NavLink>
            <NavLink
              activeClassName="is-active"
              aria-current="page"
              className="btn btn-nav"
              to="/login"
            >
              Home
            </NavLink>
          </nav>
        </div>,
        "className": "Header Primary",
        "id": "headerId",
      },
      "ref": null,
      "rendered": Object {
        "instance": null,
        "key": undefined,
        "nodeType": "host",
        "props": Object {
          "children": Array [
            <Link
              replace={false}
              to="/profile"
            >
              <h3>
                Dashboard
              </h3>
            </Link>,
            <nav
              className="nav nav-primary"
            >
              <NavLink
                activeClassName="is-active"
                aria-current="page"
                className="btn btn-nav"
                exact={true}
                to="/"
              >
                Logout
              </NavLink>
              <NavLink
                activeClassName="is-active"
                aria-current="page"
                className="btn btn-nav"
                to="/signup"
              >
                Report Issue
              </NavLink>
              <NavLink
                activeClassName="is-active"
                aria-current="page"
                className="btn btn-nav"
                to="/login"
              >
                Home
              </NavLink>
            </nav>,
          ],
        },
        "ref": null,
        "rendered": Array [
          Object {
            "instance": null,
            "key": undefined,
            "nodeType": "class",
            "props": Object {
              "children": <h3>
                Dashboard
              </h3>,
              "replace": false,
              "to": "/profile",
            },
            "ref": null,
            "rendered": Object {
              "instance": null,
              "key": undefined,
              "nodeType": "host",
              "props": Object {
                "children": "Dashboard",
              },
              "ref": null,
              "rendered": "Dashboard",
              "type": "h3",
            },
            "type": [Function],
          },
          Object {
            "instance": null,
            "key": undefined,
            "nodeType": "host",
            "props": Object {
              "children": Array [
                <NavLink
                  activeClassName="is-active"
                  aria-current="page"
                  className="btn btn-nav"
                  exact={true}
                  to="/"
                >
                  Logout
                </NavLink>,
                <NavLink
                  activeClassName="is-active"
                  aria-current="page"
                  className="btn btn-nav"
                  to="/signup"
                >
                  Report Issue
                </NavLink>,
                <NavLink
                  activeClassName="is-active"
                  aria-current="page"
                  className="btn btn-nav"
                  to="/login"
                >
                  Home
                </NavLink>,
              ],
              "className": "nav nav-primary",
            },
            "ref": null,
            "rendered": Array [
              Object {
                "instance": null,
                "key": undefined,
                "nodeType": "function",
                "props": Object {
                  "activeClassName": "is-active",
                  "aria-current": "page",
                  "children": "Logout",
                  "className": "btn btn-nav",
                  "exact": true,
                  "to": "/",
                },
                "ref": null,
                "rendered": "Logout",
                "type": [Function],
              },
              Object {
                "instance": null,
                "key": undefined,
                "nodeType": "function",
                "props": Object {
                  "activeClassName": "is-active",
                  "aria-current": "page",
                  "children": "Report Issue",
                  "className": "btn btn-nav",
                  "to": "/signup",
                },
                "ref": null,
                "rendered": "Report Issue",
                "type": [Function],
              },
              Object {
                "instance": null,
                "key": undefined,
                "nodeType": "function",
                "props": Object {
                  "activeClassName": "is-active",
                  "aria-current": "page",
                  "children": "Home",
                  "className": "btn btn-nav",
                  "to": "/login",
                },
                "ref": null,
                "rendered": "Home",
                "type": [Function],
              },
            ],
            "type": "nav",
          },
        ],
        "type": "div",
      },
      "type": "header",
    },
  ],
  Symbol(enzyme.__options__): Object {
    "adapter": ReactSixteenAdapter {
      "options": Object {
        "enableComponentDidUpdateOnSetState": true,
        "lifecycles": Object {
          "componentDidUpdate": Object {
            "onSetState": true,
          },
          "getDerivedStateFromProps": true,
          "getSnapshotBeforeUpdate": true,
          "setState": Object {
            "skipsComponentDidUpdateOnNullish": true,
          },
        },
      },
    },
  },
}
`;
